../Core/Src/freertos.c:176:6:HAL_CAN_TxMailbox0CompleteCallback	16	static
../Core/Src/freertos.c:180:6:HAL_CAN_TxMailbox0AbortCallback	16	static
../Core/Src/freertos.c:184:6:HAL_CAN_TxMailbox1CompleteCallback	16	static
../Core/Src/freertos.c:188:6:HAL_CAN_TxMailbox1AbortCallback	16	static
../Core/Src/freertos.c:192:6:HAL_CAN_TxMailbox2CompleteCallback	16	static
../Core/Src/freertos.c:196:6:HAL_CAN_TxMailbox2AbortCallback	16	static
../Core/Src/freertos.c:200:6:HAL_CAN_RxFifo0MsgPendingCallback	16	static
../Core/Src/freertos.c:204:6:canSetting	8	static
../Core/Src/freertos.c:222:6:mcmdMoter1Setting	8	static
../Core/Src/freertos.c:258:6:mcmdMoter2Setting	8	static
../Core/Src/freertos.c:293:6:mcmdMoter3Setting	8	static
../Core/Src/freertos.c:328:6:mcmdMoter4Setting	8	static
../Core/Src/freertos.c:363:6:mcmdMoter5Setting	8	static
../Core/Src/freertos.c:398:6:mcmdMoter6Setting	8	static
../Core/Src/freertos.c:435:6:servo1Setting	4	static
../Core/Src/freertos.c:449:6:servo2Setting	4	static
../Core/Src/freertos.c:464:6:airSetting	16	static
../Core/Src/freertos.c:490:6:MX_FREERTOS_Init	8	static
../Core/Src/freertos.c:543:6:service_callback	40	static
../Core/Src/freertos.c:554:6:subscription_callback	24	static
../Core/Src/freertos.c:565:6:print_int	32	static
../Core/Src/freertos.c:573:6:manipsub_callback	24	static
../Core/Src/freertos.c:590:6:work_arm_deployer	16	static
../Core/Src/freertos.c:608:6:work_hand_setter	16	static
../Core/Src/freertos.c:618:6:work_arm_setter	16	static
../Core/Src/freertos.c:629:6:StartDefaultTask	472	static
../Core/Src/freertos.c:768:6:freeRTOSChecker	8	static
../Core/Src/freertos.c:775:6:mcmdMoter1Checker	8	static
../Core/Src/freertos.c:783:6:mcmdMoter2Checker	8	static
../Core/Src/freertos.c:791:6:mcmdMoter3Checker	8	static
../Core/Src/freertos.c:799:6:mcmdMoter4Checker	8	static
../Core/Src/freertos.c:807:6:mcmdMoter5Checker	8	static
../Core/Src/freertos.c:815:6:mcmdMoter6Checker	8	static
../Core/Src/freertos.c:823:6:mcmdEncorder1Checker	24	static
../Core/Src/freertos.c:829:6:mcmdEncorder2Checker	24	static
../Core/Src/freertos.c:835:6:mcmdEncorder3Checker	24	static
../Core/Src/freertos.c:841:6:mcmdEncorder4Checker	24	static
../Core/Src/freertos.c:847:6:mcmdEncorder5Checker	24	static
../Core/Src/freertos.c:853:6:mcmdEncorder6Checker	24	static
../Core/Src/freertos.c:859:6:servo1Checker	8	static
../Core/Src/freertos.c:864:6:servo2Checker	8	static
../Core/Src/freertos.c:871:6:airChecker	8	static
../Core/Src/freertos.c:883:6:StartSysCheckTask	16	static
../Core/Src/freertos.c:921:7:velLimmiter	16	static
../Core/Src/freertos.c:927:6:motorRun	8	static
../Core/Src/freertos.c:943:6:StartMotorRunTask	16	static
../Core/Src/freertos.c:963:6:StartEncorderTask	16	static
