../Core/Src/freertos.c:180:6:HAL_CAN_TxMailbox0CompleteCallback	16	static
../Core/Src/freertos.c:184:6:HAL_CAN_TxMailbox0AbortCallback	16	static
../Core/Src/freertos.c:188:6:HAL_CAN_TxMailbox1CompleteCallback	16	static
../Core/Src/freertos.c:192:6:HAL_CAN_TxMailbox1AbortCallback	16	static
../Core/Src/freertos.c:196:6:HAL_CAN_TxMailbox2CompleteCallback	16	static
../Core/Src/freertos.c:200:6:HAL_CAN_TxMailbox2AbortCallback	16	static
../Core/Src/freertos.c:204:6:HAL_CAN_RxFifo0MsgPendingCallback	16	static
../Core/Src/freertos.c:208:6:canSetting	8	static
../Core/Src/freertos.c:227:6:mcmdMoter1Setting	8	static
../Core/Src/freertos.c:263:6:mcmdMoter2Setting	8	static
../Core/Src/freertos.c:298:6:mcmdMoter3Setting	8	static
../Core/Src/freertos.c:333:6:mcmdMoter4Setting	8	static
../Core/Src/freertos.c:368:6:mcmdMoter5Setting	8	static
../Core/Src/freertos.c:403:6:mcmdMoter6Setting	8	static
../Core/Src/freertos.c:434:6:mcmdMoter7Setting	8	static
../Core/Src/freertos.c:465:6:mcmdMoter8Setting	8	static
../Core/Src/freertos.c:497:6:servo1Setting	4	static
../Core/Src/freertos.c:511:6:servo2Setting	4	static
../Core/Src/freertos.c:526:6:airSetting	16	static
../Core/Src/freertos.c:552:6:MX_FREERTOS_Init	8	static
../Core/Src/freertos.c:605:6:service_callback	40	static
../Core/Src/freertos.c:616:6:subscription_callback	24	static
../Core/Src/freertos.c:627:6:print_int	32	static
../Core/Src/freertos.c:635:6:manipsub_callback	24	static
../Core/Src/freertos.c:655:6:work_arm_deployer	16	static
../Core/Src/freertos.c:673:6:work_hand_setter	16	static
../Core/Src/freertos.c:683:6:work_arm_setter	16	static
../Core/Src/freertos.c:693:6:base1_arm_setter	16	static
../Core/Src/freertos.c:701:6:base1_hand_setter	16	static
../Core/Src/freertos.c:711:6:base2_arm_setter	16	static
../Core/Src/freertos.c:719:6:base2_hand_setter	16	static
../Core/Src/freertos.c:731:6:StartDefaultTask	472	static
../Core/Src/freertos.c:873:6:freeRTOSChecker	8	static
../Core/Src/freertos.c:879:6:mcmdMotorDutyCecker	40	static
../Core/Src/freertos.c:903:6:mcmdEncChecker	40	static
../Core/Src/freertos.c:913:6:servo1Checker	8	static
../Core/Src/freertos.c:918:6:servo2Checker	8	static
../Core/Src/freertos.c:925:6:airChecker	8	static
../Core/Src/freertos.c:937:6:StartSysCheckTask	16	static
../Core/Src/freertos.c:978:7:velLimmiter	16	static
../Core/Src/freertos.c:984:6:motorRun	8	static
../Core/Src/freertos.c:1000:6:StartMotorRunTask	16	static
../Core/Src/freertos.c:1020:6:StartEncorderTask	16	static
