../Core/Src/freertos.c:180:6:HAL_CAN_TxMailbox0CompleteCallback	16	static
../Core/Src/freertos.c:184:6:HAL_CAN_TxMailbox0AbortCallback	16	static
../Core/Src/freertos.c:188:6:HAL_CAN_TxMailbox1CompleteCallback	16	static
../Core/Src/freertos.c:192:6:HAL_CAN_TxMailbox1AbortCallback	16	static
../Core/Src/freertos.c:196:6:HAL_CAN_TxMailbox2CompleteCallback	16	static
../Core/Src/freertos.c:200:6:HAL_CAN_TxMailbox2AbortCallback	16	static
../Core/Src/freertos.c:204:6:HAL_CAN_RxFifo0MsgPendingCallback	16	static
../Core/Src/freertos.c:208:6:canSetting	8	static
../Core/Src/freertos.c:227:6:mcmdMoter1Setting	8	static
../Core/Src/freertos.c:263:6:mcmdMoter2Setting	8	static
../Core/Src/freertos.c:298:6:mcmdMoter3Setting	8	static
../Core/Src/freertos.c:333:6:mcmdMoter4Setting	8	static
../Core/Src/freertos.c:368:6:mcmdMoter5Setting	8	static
../Core/Src/freertos.c:403:6:mcmdMoter6Setting	8	static
../Core/Src/freertos.c:434:6:mcmdMoter7Setting	8	static
../Core/Src/freertos.c:465:6:mcmdMoter8Setting	8	static
../Core/Src/freertos.c:497:6:servo1Setting	4	static
../Core/Src/freertos.c:511:6:servo2Setting	4	static
../Core/Src/freertos.c:526:6:airSetting	16	static
../Core/Src/freertos.c:552:6:MX_FREERTOS_Init	8	static
../Core/Src/freertos.c:605:6:service_callback	40	static
../Core/Src/freertos.c:616:6:subscription_callback	24	static
../Core/Src/freertos.c:627:6:print_int	32	static
../Core/Src/freertos.c:635:6:manipsub_callback	24	static
../Core/Src/freertos.c:652:6:work_arm_deployer	16	static
../Core/Src/freertos.c:670:6:work_hand_setter	16	static
../Core/Src/freertos.c:680:6:work_arm_setter	16	static
../Core/Src/freertos.c:691:6:StartDefaultTask	472	static
../Core/Src/freertos.c:833:6:freeRTOSChecker	8	static
../Core/Src/freertos.c:840:6:mcmdMoter1Checker	8	static
../Core/Src/freertos.c:848:6:mcmdMoter2Checker	8	static
../Core/Src/freertos.c:856:6:mcmdMoter3Checker	8	static
../Core/Src/freertos.c:864:6:mcmdMoter4Checker	8	static
../Core/Src/freertos.c:872:6:mcmdMoter5Checker	8	static
../Core/Src/freertos.c:880:6:mcmdMoter6Checker	8	static
../Core/Src/freertos.c:888:6:mcmdMoter7Checker	8	static
../Core/Src/freertos.c:896:6:mcmdMoter8Checker	8	static
../Core/Src/freertos.c:903:6:mcmdMotorDutyCecker	32	static
../Core/Src/freertos.c:926:6:mcmdEncorder1Checker	24	static
../Core/Src/freertos.c:932:6:mcmdEncorder2Checker	24	static
../Core/Src/freertos.c:938:6:mcmdEncorder3Checker	24	static
../Core/Src/freertos.c:944:6:mcmdEncorder4Checker	24	static
../Core/Src/freertos.c:950:6:mcmdEncorder5Checker	24	static
../Core/Src/freertos.c:956:6:mcmdEncorder6Checker	24	static
../Core/Src/freertos.c:962:6:mcmdEncorder7Checker	24	static
../Core/Src/freertos.c:968:6:mcmdEncorder8Checker	24	static
../Core/Src/freertos.c:974:6:servo1Checker	8	static
../Core/Src/freertos.c:979:6:servo2Checker	8	static
../Core/Src/freertos.c:986:6:airChecker	8	static
../Core/Src/freertos.c:998:6:StartSysCheckTask	88	static
../Core/Src/freertos.c:1041:7:velLimmiter	16	static
../Core/Src/freertos.c:1047:6:motorRun	8	static
../Core/Src/freertos.c:1063:6:StartMotorRunTask	16	static
../Core/Src/freertos.c:1083:6:StartEncorderTask	16	static
