../Core/Src/freertos.c:183:6:HAL_CAN_TxMailbox0CompleteCallback	16	static
../Core/Src/freertos.c:187:6:HAL_CAN_TxMailbox0AbortCallback	16	static
../Core/Src/freertos.c:191:6:HAL_CAN_TxMailbox1CompleteCallback	16	static
../Core/Src/freertos.c:195:6:HAL_CAN_TxMailbox1AbortCallback	16	static
../Core/Src/freertos.c:199:6:HAL_CAN_TxMailbox2CompleteCallback	16	static
../Core/Src/freertos.c:203:6:HAL_CAN_TxMailbox2AbortCallback	16	static
../Core/Src/freertos.c:207:6:HAL_CAN_RxFifo0MsgPendingCallback	16	static
../Core/Src/freertos.c:211:6:canSetting	8	static
../Core/Src/freertos.c:229:6:mcmdMoter1Setting	8	static
../Core/Src/freertos.c:261:6:mcmdMoter2Setting	8	static
../Core/Src/freertos.c:292:6:mcmdMoter3Setting	8	static
../Core/Src/freertos.c:323:6:mcmdMoter4Setting	8	static
../Core/Src/freertos.c:354:6:mcmdMoter5Setting	8	static
../Core/Src/freertos.c:385:6:mcmdMoter6Setting	8	static
../Core/Src/freertos.c:416:6:mcmdMoter7Setting	8	static
../Core/Src/freertos.c:447:6:mcmdMoter8Setting	8	static
../Core/Src/freertos.c:479:6:servo1Setting	8	static
../Core/Src/freertos.c:493:6:servo2Setting	8	static
../Core/Src/freertos.c:508:6:airSetting	16	static
../Core/Src/freertos.c:533:6:MX_FREERTOS_Init	8	static
../Core/Src/freertos.c:585:6:service_callback	40	static
../Core/Src/freertos.c:596:6:subscription_callback	24	static
../Core/Src/freertos.c:607:6:print_int	32	static
../Core/Src/freertos.c:616:6:manipsub_callback	24	static
../Core/Src/freertos.c:636:6:work_arm_deployer	16	static
../Core/Src/freertos.c:654:6:work_hand_setter	16	static
../Core/Src/freertos.c:664:6:work_arm_setter	16	static
../Core/Src/freertos.c:674:6:base1_arm_setter	16	static
../Core/Src/freertos.c:682:6:base1_hand_setter	16	static
../Core/Src/freertos.c:692:6:base2_arm_setter	16	static
../Core/Src/freertos.c:700:6:base2_hand_setter	16	static
../Core/Src/freertos.c:712:6:StartDefaultTask	472	static
../Core/Src/freertos.c:848:6:freeRTOSChecker	8	static
../Core/Src/freertos.c:855:7:velLimmiter	24	static
../Core/Src/freertos.c:866:7:dutyLimmiter	24	static
../Core/Src/freertos.c:877:6:mcmdMotorCecker	48	static
../Core/Src/freertos.c:915:6:mcmdEncChecker	40	static
../Core/Src/freertos.c:925:6:servo1Checker	8	static
../Core/Src/freertos.c:930:6:servo2Checker	8	static
../Core/Src/freertos.c:937:6:airChecker	8	static
../Core/Src/freertos.c:949:6:StartSysCheckTask	16	static
../Core/Src/freertos.c:988:6:StartMotorRunTask	16	static
../Core/Src/freertos.c:1008:9:read_encoder_value	16	static
../Core/Src/freertos.c:1020:6:StartEncorderTask	32	static
