../Core/Src/freertos.c:193:6:HAL_CAN_TxMailbox0CompleteCallback	16	static
../Core/Src/freertos.c:197:6:HAL_CAN_TxMailbox0AbortCallback	16	static
../Core/Src/freertos.c:201:6:HAL_CAN_TxMailbox1CompleteCallback	16	static
../Core/Src/freertos.c:205:6:HAL_CAN_TxMailbox1AbortCallback	16	static
../Core/Src/freertos.c:209:6:HAL_CAN_TxMailbox2CompleteCallback	16	static
../Core/Src/freertos.c:213:6:HAL_CAN_TxMailbox2AbortCallback	16	static
../Core/Src/freertos.c:217:6:HAL_CAN_RxFifo0MsgPendingCallback	16	static
../Core/Src/freertos.c:221:6:canSetting	8	static
../Core/Src/freertos.c:239:6:mcmdMoter1Setting	8	static
../Core/Src/freertos.c:271:6:mcmdMoter2Setting	8	static
../Core/Src/freertos.c:302:6:mcmdMoter3Setting	8	static
../Core/Src/freertos.c:333:6:mcmdMoter4Setting	8	static
../Core/Src/freertos.c:364:6:mcmdMoter5Setting	8	static
../Core/Src/freertos.c:395:6:mcmdMoter6Setting	8	static
../Core/Src/freertos.c:426:6:mcmdMoter7Setting	8	static
../Core/Src/freertos.c:457:6:mcmdMoter8Setting	8	static
../Core/Src/freertos.c:488:6:mcmdMoter_Test_Setting	8	static
../Core/Src/freertos.c:520:6:servo1Setting	8	static
../Core/Src/freertos.c:534:6:servo2Setting	8	static
../Core/Src/freertos.c:548:6:servo3Setting	8	static
../Core/Src/freertos.c:561:6:servo4Setting	8	static
../Core/Src/freertos.c:574:6:servo5Setting	8	static
../Core/Src/freertos.c:587:6:servo6Setting	8	static
../Core/Src/freertos.c:602:6:airSetting	16	static
../Core/Src/freertos.c:627:6:MX_FREERTOS_Init	8	static
../Core/Src/freertos.c:679:6:service_callback	40	static
../Core/Src/freertos.c:690:6:subscription_callback	24	static
../Core/Src/freertos.c:701:6:print_int	32	static
../Core/Src/freertos.c:710:6:manipsub_callback	24	static
../Core/Src/freertos.c:730:6:work_arm_deployer	16	static
../Core/Src/freertos.c:748:6:work_hand_setter	16	static
../Core/Src/freertos.c:758:6:work_arm_setter	16	static
../Core/Src/freertos.c:768:6:base_hand_deployer	16	static
../Core/Src/freertos.c:788:6:base1_arm_setter	16	static
../Core/Src/freertos.c:796:6:base1_hand_setter	16	static
../Core/Src/freertos.c:807:6:base2_arm_setter	16	static
../Core/Src/freertos.c:815:6:base2_hand_setter	16	static
../Core/Src/freertos.c:827:6:StartDefaultTask	464	static
../Core/Src/freertos.c:968:6:freeRTOSChecker	8	static
../Core/Src/freertos.c:975:7:velLimmiter	24	static
../Core/Src/freertos.c:986:7:dutyLimmiter	24	static
../Core/Src/freertos.c:997:6:mcmdMotorCecker	48	static
../Core/Src/freertos.c:1035:6:mcmdEncChecker	40	static
../Core/Src/freertos.c:1045:6:servoChecker	32	static
../Core/Src/freertos.c:1056:6:airChecker	8	static
../Core/Src/freertos.c:1068:6:StartSysCheckTask	16	static
../Core/Src/freertos.c:1116:6:motorRun	8	static
../Core/Src/freertos.c:1123:6:StartMotorRunTask	16	static
../Core/Src/freertos.c:1144:9:read_encoder1_value	16	static
../Core/Src/freertos.c:1151:9:read_encoder2_value	16	static
../Core/Src/freertos.c:1163:6:StartEncorderTask	32	static
